nohup: ignoring input
INFO 2025-11-18 11:14:07,457 iprog_sms_service 447614 133688108023936 iProg SMS service initialized successfully
✅ PRODUCTION: Loaded environment variables from .env.production
🔧 Environment: PRODUCTION
🐛 Debug Mode: False
🖥️ Hostname: srv1069139
 
 -------------- celery@srv1069139 v5.5.3 (immunity)
--- ***** ----- 
-- ******* ---- Linux-6.8.0-79-generic-x86_64-with-glibc2.39 2025-11-18 11:14:07
- *** --- * --- 
- ** ---------- [config]
- ** ---------- .> app:         capstone:0x7996ae3bca40
- ** ---------- .> transport:   redis://localhost:6379/0
- ** ---------- .> results:     redis://localhost:6379/0
- *** --- * --- .> concurrency: 2 (prefork)
-- ******* ---- .> task events: OFF (enable -E to monitor tasks in this worker)
--- ***** ----- 
 -------------- [queues]
                .> celery           exchange=celery(direct) key=celery
                

[tasks]
  . appointments.tasks.send_appointment_reminders_task

[2025-11-18 11:14:07,764: INFO/MainProcess] Connected to redis://localhost:6379/0
[2025-11-18 11:14:07,767: INFO/MainProcess] mingle: searching for neighbors
[2025-11-18 11:14:08,776: INFO/MainProcess] mingle: all alone
[2025-11-18 11:14:08,784: INFO/MainProcess] celery@srv1069139 ready.
[2025-11-18 11:20:00,008: INFO/MainProcess] Task appointments.tasks.send_appointment_reminders_task[b635486d-36c8-4962-9828-bee90e006fbf] received
[2025-11-18 11:20:00,049: INFO/ForkPoolWorker-1] Reminder task completed. Sent 0 reminders.
[2025-11-18 11:20:00,052: INFO/ForkPoolWorker-1] Task appointments.tasks.send_appointment_reminders_task[b635486d-36c8-4962-9828-bee90e006fbf] succeeded in 0.04247141187079251s: 'Sent 0 reminders'
[2025-11-18 11:30:00,002: INFO/MainProcess] Task appointments.tasks.send_appointment_reminders_task[9b647090-2db6-4922-aaab-2ae31ca24d46] received
[2025-11-18 11:30:00,032: INFO/ForkPoolWorker-1] Reminder task completed. Sent 0 reminders.
[2025-11-18 11:30:00,034: INFO/ForkPoolWorker-1] Task appointments.tasks.send_appointment_reminders_task[9b647090-2db6-4922-aaab-2ae31ca24d46] succeeded in 0.030604788102209568s: 'Sent 0 reminders'
[2025-11-18 11:50:00,003: INFO/MainProcess] Task appointments.tasks.send_appointment_reminders_task[09dec299-8b18-4b53-beab-a6af58d4c53e] received
[2025-11-18 11:50:00,042: INFO/ForkPoolWorker-1] Reminder task completed. Sent 0 reminders.
[2025-11-18 11:50:00,048: INFO/ForkPoolWorker-1] Task appointments.tasks.send_appointment_reminders_task[09dec299-8b18-4b53-beab-a6af58d4c53e] succeeded in 0.04045833111740649s: 'Sent 0 reminders'
[2025-11-18 12:00:00,004: INFO/MainProcess] Task appointments.tasks.send_appointment_reminders_task[1ec5017b-043f-499d-ae69-9a6dc15ec63a] received
[2025-11-18 12:00:00,026: INFO/ForkPoolWorker-1] Reminder task completed. Sent 0 reminders.
[2025-11-18 12:00:00,028: INFO/ForkPoolWorker-1] Task appointments.tasks.send_appointment_reminders_task[1ec5017b-043f-499d-ae69-9a6dc15ec63a] succeeded in 0.023282781010493636s: 'Sent 0 reminders'
[2025-11-18 12:20:00,003: INFO/MainProcess] Task appointments.tasks.send_appointment_reminders_task[0b60de29-b1bd-4207-8949-5121abdb0302] received
[2025-11-18 12:20:00,036: INFO/ForkPoolWorker-1] Reminder task completed. Sent 0 reminders.
[2025-11-18 12:20:00,040: INFO/ForkPoolWorker-1] Task appointments.tasks.send_appointment_reminders_task[0b60de29-b1bd-4207-8949-5121abdb0302] succeeded in 0.032912230119109154s: 'Sent 0 reminders'
